{"message":"test de Logstash"}
